test the logs file
